[2026-08-05 11:40:33] [INFO] Script started. Parameter set: Cleanup
[2026-08-05 11:40:33] [INFO] Cleanup requested. DryRun=True; OlderThanDays=1
[2026-08-05 11:40:33] [INFO] Scanning path: C:\Users\labuser\AppData\Local\Temp\2\dwp-temp-cleanup-test
[2026-08-05 11:40:33] [WARN] Locked file skipped: C:\Users\labuser\AppData\Local\Temp\2\dwp-temp-cleanup-test\locked.log
[2026-08-05 11:40:33] [INFO] Dry run candidate: C:\Users\labuser\AppData\Local\Temp\2\dwp-temp-cleanup-test\old.log
[2026-08-05 11:40:33] [INFO] Execution summary follows.
[2026-08-05 11:40:33] [INFO] Summary OperationId: 20260805-114033-141-2792
[2026-08-05 11:40:33] [INFO] Summary Mode: DryRun
[2026-08-05 11:40:33] [INFO] Summary StartedAt: 8/5/2026 11:40:33 AM
[2026-08-05 11:40:33] [INFO] Summary PathsScanned: 1
[2026-08-05 11:40:33] [INFO] Summary FilesEnumerated: 2
[2026-08-05 11:40:33] [INFO] Summary FilesEligible: 2
[2026-08-05 11:40:33] [INFO] Summary FilesMoved: 0
[2026-08-05 11:40:33] [INFO] Summary FilesSkippedLock: 1
[2026-08-05 11:40:33] [INFO] Summary FilesMissing: 0
[2026-08-05 11:40:33] [INFO] Summary Errors: 0
[2026-08-05 11:40:33] [INFO] Summary ManifestPath: 
[2026-08-05 11:40:33] [INFO] Summary CompletedAt: 8/5/2026 11:40:33 AM
[2026-08-05 11:40:33] [INFO] Summary ManifestEntries: 0
[2026-08-05 11:40:33] [INFO] Script completed.
