[2026-08-05 11:49:33] [INFO] Script started. Parameter set: Cleanup
[2026-08-05 11:49:33] [INFO] Cleanup requested. DryRun=True; OlderThanDays=0
[2026-08-05 11:49:33] [INFO] Scanning path: C:\Users\labuser\AppData\Local\Temp\
[2026-08-05 11:49:33] [INFO] Dry run candidate: C:\Users\labuser\AppData\Local\Temp\2\12765a45-7a85-4c03-a725-31a8d4ebe6ef.tmp
[2026-08-05 11:49:33] [WARN] Locked file skipped: C:\Users\labuser\AppData\Local\Temp\2\4685f84a-ccd7-46c5-b6c4-1f250918be09.tmp
[2026-08-05 11:49:33] [INFO] Dry run candidate: C:\Users\labuser\AppData\Local\Temp\2\7145f1b8-bcef-4634-a6bc-074e867f42e9.tmp
[2026-08-05 11:49:33] [WARN] Locked file skipped: C:\Users\labuser\AppData\Local\Temp\2\738c02f9-d7a0-4da1-a15f-740916207981.tmp
[2026-08-05 11:49:33] [INFO] Dry run candidate: C:\Users\labuser\AppData\Local\Temp\2\exthost-abea07.cpuprofile
[2026-08-05 11:49:33] [INFO] Dry run candidate: C:\Users\labuser\AppData\Local\Temp\2\dwp-temp-cleanup-test\locked.log
[2026-08-05 11:49:33] [INFO] Dry run candidate: C:\Users\labuser\AppData\Local\Temp\2\dwp-temp-cleanup-test\new.log
[2026-08-05 11:49:33] [INFO] Dry run candidate: C:\Users\labuser\AppData\Local\Temp\2\dwp-temp-cleanup-test\old.log
[2026-08-05 11:49:33] [INFO] Dry run candidate: C:\Users\labuser\AppData\Local\Temp\2\gen_py\3.9\dicts.dat
[2026-08-05 11:49:33] [INFO] Dry run candidate: C:\Users\labuser\AppData\Local\Temp\2\gen_py\3.9\__init__.py
[2026-08-05 11:49:33] [INFO] Dry run candidate: C:\Users\labuser\AppData\Local\Temp\2\vscode-stable-system-x64\CodeSetup-stable-df53daabb18cd157bdb08c7f01c34df936cf12f4.exe
[2026-08-05 11:49:33] [INFO] Dry run candidate: C:\Users\labuser\AppData\Local\Temp\2\vscode-stable-system-x64\update-metadata.json
[2026-08-05 11:49:33] [INFO] Scanning path: C:\Windows\Temp
[2026-08-05 11:49:33] [INFO] Dry run candidate: C:\Windows\Temp\bb3a785178f443fda931098a5a9a306b.db.ses
[2026-08-05 11:49:33] [INFO] Dry run candidate: C:\Windows\Temp\MpCmdRun.log
[2026-08-05 11:49:33] [INFO] Dry run candidate: C:\Windows\Temp\MpSigStub.log
[2026-08-05 11:49:33] [INFO] Dry run candidate: C:\Windows\Temp\silconfig.log
[2026-08-05 11:49:33] [INFO] Dry run candidate: C:\Windows\Temp\_env.cmd
[2026-08-05 11:49:33] [INFO] Dry run candidate: C:\Windows\Temp\chocolatey\activitywatch\0.13.2\activitywatch-v0.13.2-windows-x86_64.zip
[2026-08-05 11:49:33] [INFO] Dry run candidate: C:\Windows\Temp\chocolatey\chocoInstall\chocolatey.nuspec
[2026-08-05 11:49:33] [INFO] Dry run candidate: C:\Windows\Temp\chocolatey\chocoInstall\chocolatey.zip
[2026-08-05 11:49:33] [INFO] Dry run candidate: C:\Windows\Temp\chocolatey\chocoInstall\[Content_Types].xml
[2026-08-05 11:49:33] [INFO] Dry run candidate: C:\Windows\Temp\chocolatey\chocoInstall\package\services\metadata\core-properties\5ad4dc75cc79452d8e7e738cb4a3286e.psmdcp
[2026-08-05 11:49:33] [INFO] Dry run candidate: C:\Windows\Temp\chocolatey\chocoInstall\tools\chocolateyInstall.ps1
[2026-08-05 11:49:33] [INFO] Dry run candidate: C:\Windows\Temp\chocolatey\chocoInstall\tools\chocolateysetup.psm1
[2026-08-05 11:49:33] [INFO] Dry run candidate: C:\Windows\Temp\chocolatey\chocoInstall\tools\init.ps1
[2026-08-05 11:49:33] [INFO] Dry run candidate: C:\Windows\Temp\chocolatey\chocoInstall\tools\VERIFICATION.txt
[2026-08-05 11:49:33] [INFO] Dry run candidate: C:\Windows\Temp\chocolatey\chocoInstall\tools\chocolateyInstall\choco.exe
[2026-08-05 11:49:33] [INFO] Dry run candidate: C:\Windows\Temp\chocolatey\chocoInstall\tools\chocolateyInstall\choco.exe.ignore
[2026-08-05 11:49:33] [INFO] Dry run candidate: C:\Windows\Temp\chocolatey\chocoInstall\tools\chocolateyInstall\choco.exe.manifest
[2026-08-05 11:49:33] [INFO] Dry run candidate: C:\Windows\Temp\chocolatey\chocoInstall\tools\chocolateyInstall\CREDITS.txt
[2026-08-05 11:49:33] [INFO] Dry run candidate: C:\Windows\Temp\chocolatey\chocoInstall\tools\chocolateyInstall\LICENSE.txt
[2026-08-05 11:49:33] [INFO] Dry run candidate: C:\Windows\Temp\chocolatey\chocoInstall\tools\chocolateyInstall\helpers\chocolateyInstaller.psm1
[2026-08-05 11:49:33] [INFO] Dry run candidate: C:\Windows\Temp\chocolatey\chocoInstall\tools\chocolateyInstall\helpers\chocolateyProfile.psm1
[2026-08-05 11:49:33] [INFO] Dry run candidate: C:\Windows\Temp\chocolatey\chocoInstall\tools\chocolateyInstall\helpers\chocolateyScriptRunner.ps1
[2026-08-05 11:49:33] [INFO] Dry run candidate: C:\Windows\Temp\chocolatey\chocoInstall\tools\chocolateyInstall\helpers\ChocolateyTabExpansion.ps1
[2026-08-05 11:49:33] [INFO] Dry run candidate: C:\Windows\Temp\chocolatey\chocoInstall\tools\chocolateyInstall\helpers\functions\Format-FileSize.ps1
[2026-08-05 11:49:33] [INFO] Dry run candidate: C:\Windows\Temp\chocolatey\chocoInstall\tools\chocolateyInstall\helpers\functions\Get-CheckSumValid.ps1
[2026-08-05 11:49:33] [INFO] Dry run candidate: C:\Windows\Temp\chocolatey\chocoInstall\tools\chocolateyInstall\helpers\functions\Get-ChocolateyPath.ps1
[2026-08-05 11:49:33] [INFO] Dry run candidate: C:\Windows\Temp\chocolatey\chocoInstall\tools\chocolateyInstall\helpers\functions\Get-ChocolateyUnzip.ps1
[2026-08-05 11:49:33] [INFO] Dry run candidate: C:\Windows\Temp\chocolatey\chocoInstall\tools\chocolateyInstall\helpers\functions\Get-ChocolateyWebFile.ps1
[2026-08-05 11:49:33] [INFO] Dry run candidate: C:\Windows\Temp\chocolatey\chocoInstall\tools\chocolateyInstall\helpers\functions\Get-EnvironmentVariable.ps1
[2026-08-05 11:49:33] [INFO] Dry run candidate: C:\Windows\Temp\chocolatey\chocoInstall\tools\chocolateyInstall\helpers\functions\Get-EnvironmentVariableNames.ps1
[2026-08-05 11:49:33] [INFO] Dry run candidate: C:\Windows\Temp\chocolatey\chocoInstall\tools\chocolateyInstall\helpers\functions\Get-FtpFile.ps1
[2026-08-05 11:49:33] [INFO] Dry run candidate: C:\Windows\Temp\chocolatey\chocoInstall\tools\chocolateyInstall\helpers\functions\Get-OSArchitectureWidth.ps1
[2026-08-05 11:49:33] [INFO] Dry run candidate: C:\Windows\Temp\chocolatey\chocoInstall\tools\chocolateyInstall\helpers\functions\Get-PackageParameters.ps1
[2026-08-05 11:49:33] [INFO] Dry run candidate: C:\Windows\Temp\chocolatey\chocoInstall\tools\chocolateyInstall\helpers\functions\Get-ToolsLocation.ps1
[2026-08-05 11:49:33] [INFO] Dry run candidate: C:\Windows\Temp\chocolatey\chocoInstall\tools\chocolateyInstall\helpers\functions\Get-UACEnabled.ps1
[2026-08-05 11:49:33] [INFO] Dry run candidate: C:\Windows\Temp\chocolatey\chocoInstall\tools\chocolateyInstall\helpers\functions\Get-UninstallRegistryKey.ps1
[2026-08-05 11:49:33] [INFO] Dry run candidate: C:\Windows\Temp\chocolatey\chocoInstall\tools\chocolateyInstall\helpers\functions\Get-VirusCheckValid.ps1
[2026-08-05 11:49:33] [INFO] Dry run candidate: C:\Windows\Temp\chocolatey\chocoInstall\tools\chocolateyInstall\helpers\functions\Get-WebFile.ps1
[2026-08-05 11:49:33] [INFO] Dry run candidate: C:\Windows\Temp\chocolatey\chocoInstall\tools\chocolateyInstall\helpers\functions\Get-WebFileName.ps1
[2026-08-05 11:49:33] [INFO] Dry run candidate: C:\Windows\Temp\chocolatey\chocoInstall\tools\chocolateyInstall\helpers\functions\Get-WebHeaders.ps1
[2026-08-05 11:49:33] [INFO] Dry run candidate: C:\Windows\Temp\chocolatey\chocoInstall\tools\chocolateyInstall\helpers\functions\Install-BinFile.ps1
[2026-08-05 11:49:33] [INFO] Dry run candidate: C:\Windows\Temp\chocolatey\chocoInstall\tools\chocolateyInstall\helpers\functions\Install-ChocolateyEnvironmentVariable.ps1
[2026-08-05 11:49:33] [INFO] Dry run candidate: C:\Windows\Temp\chocolatey\chocoInstall\tools\chocolateyInstall\helpers\functions\Install-ChocolateyExplorerMenuItem.ps1
[2026-08-05 11:49:33] [INFO] Dry run candidate: C:\Windows\Temp\chocolatey\chocoInstall\tools\chocolateyInstall\helpers\functions\Install-ChocolateyFileAssociation.ps1
[2026-08-05 11:49:33] [INFO] Dry run candidate: C:\Windows\Temp\chocolatey\chocoInstall\tools\chocolateyInstall\helpers\functions\Install-ChocolateyInstallPackage.ps1
[2026-08-05 11:49:33] [INFO] Dry run candidate: C:\Windows\Temp\chocolatey\chocoInstall\tools\chocolateyInstall\helpers\functions\Install-ChocolateyPackage.ps1
[2026-08-05 11:49:33] [INFO] Dry run candidate: C:\Windows\Temp\chocolatey\chocoInstall\tools\chocolateyInstall\helpers\functions\Install-ChocolateyPath.ps1
[2026-08-05 11:49:33] [INFO] Dry run candidate: C:\Windows\Temp\chocolatey\chocoInstall\tools\chocolateyInstall\helpers\functions\Install-ChocolateyPinnedTaskBarItem.ps1
[2026-08-05 11:49:33] [INFO] Dry run candidate: C:\Windows\Temp\chocolatey\chocoInstall\tools\chocolateyInstall\helpers\functions\Install-ChocolateyPowershellCommand.ps1
[2026-08-05 11:49:33] [INFO] Dry run candidate: C:\Windows\Temp\chocolatey\chocoInstall\tools\chocolateyInstall\helpers\functions\Install-ChocolateyShortcut.ps1
[2026-08-05 11:49:33] [INFO] Dry run candidate: C:\Windows\Temp\chocolatey\chocoInstall\tools\chocolateyInstall\helpers\functions\Install-ChocolateyVsixPackage.ps1
[2026-08-05 11:49:33] [INFO] Dry run candidate: C:\Windows\Temp\chocolatey\chocoInstall\tools\chocolateyInstall\helpers\functions\Install-ChocolateyZipPackage.ps1
[2026-08-05 11:49:33] [INFO] Dry run candidate: C:\Windows\Temp\chocolatey\chocoInstall\tools\chocolateyInstall\helpers\functions\Install-Vsix.ps1
[2026-08-05 11:49:33] [INFO] Dry run candidate: C:\Windows\Temp\chocolatey\chocoInstall\tools\chocolateyInstall\helpers\functions\Set-EnvironmentVariable.ps1
[2026-08-05 11:49:33] [INFO] Dry run candidate: C:\Windows\Temp\chocolatey\chocoInstall\tools\chocolateyInstall\helpers\functions\Set-PowerShellExitCode.ps1
[2026-08-05 11:49:33] [INFO] Dry run candidate: C:\Windows\Temp\chocolatey\chocoInstall\tools\chocolateyInstall\helpers\functions\Start-ChocolateyProcessAsAdmin.ps1
[2026-08-05 11:49:33] [INFO] Dry run candidate: C:\Windows\Temp\chocolatey\chocoInstall\tools\chocolateyInstall\helpers\functions\Test-ProcessAdminRights.ps1
[2026-08-05 11:49:33] [INFO] Dry run candidate: C:\Windows\Temp\chocolatey\chocoInstall\tools\chocolateyInstall\helpers\functions\Uninstall-BinFile.ps1
[2026-08-05 11:49:33] [INFO] Dry run candidate: C:\Windows\Temp\chocolatey\chocoInstall\tools\chocolateyInstall\helpers\functions\Uninstall-ChocolateyEnvironmentVariable.ps1
[2026-08-05 11:49:33] [INFO] Dry run candidate: C:\Windows\Temp\chocolatey\chocoInstall\tools\chocolateyInstall\helpers\functions\Uninstall-ChocolateyPackage.ps1
[2026-08-05 11:49:33] [INFO] Dry run candidate: C:\Windows\Temp\chocolatey\chocoInstall\tools\chocolateyInstall\helpers\functions\UnInstall-ChocolateyZipPackage.ps1
[2026-08-05 11:49:33] [INFO] Dry run candidate: C:\Windows\Temp\chocolatey\chocoInstall\tools\chocolateyInstall\helpers\functions\Update-SessionEnvironment.ps1
[2026-08-05 11:49:33] [INFO] Dry run candidate: C:\Windows\Temp\chocolatey\chocoInstall\tools\chocolateyInstall\helpers\functions\Write-FunctionCallLogMessage.ps1
[2026-08-05 11:49:33] [INFO] Dry run candidate: C:\Windows\Temp\chocolatey\chocoInstall\tools\chocolateyInstall\redirects\choco.exe
[2026-08-05 11:49:33] [INFO] Dry run candidate: C:\Windows\Temp\chocolatey\chocoInstall\tools\chocolateyInstall\redirects\choco.exe.ignore
[2026-08-05 11:49:33] [INFO] Dry run candidate: C:\Windows\Temp\chocolatey\chocoInstall\tools\chocolateyInstall\redirects\chocolatey.exe
[2026-08-05 11:49:33] [INFO] Dry run candidate: C:\Windows\Temp\chocolatey\chocoInstall\tools\chocolateyInstall\redirects\chocolatey.exe.ignore
[2026-08-05 11:49:33] [INFO] Dry run candidate: C:\Windows\Temp\chocolatey\chocoInstall\tools\chocolateyInstall\redirects\cinst.exe
[2026-08-05 11:49:33] [INFO] Dry run candidate: C:\Windows\Temp\chocolatey\chocoInstall\tools\chocolateyInstall\redirects\cinst.exe.ignore
[2026-08-05 11:49:33] [INFO] Dry run candidate: C:\Windows\Temp\chocolatey\chocoInstall\tools\chocolateyInstall\redirects\clist.exe
[2026-08-05 11:49:33] [INFO] Dry run candidate: C:\Windows\Temp\chocolatey\chocoInstall\tools\chocolateyInstall\redirects\clist.exe.ignore
[2026-08-05 11:49:33] [INFO] Dry run candidate: C:\Windows\Temp\chocolatey\chocoInstall\tools\chocolateyInstall\redirects\cpush.exe
[2026-08-05 11:49:33] [INFO] Dry run candidate: C:\Windows\Temp\chocolatey\chocoInstall\tools\chocolateyInstall\redirects\cpush.exe.ignore
[2026-08-05 11:49:33] [INFO] Dry run candidate: C:\Windows\Temp\chocolatey\chocoInstall\tools\chocolateyInstall\redirects\cuninst.exe
[2026-08-05 11:49:33] [INFO] Dry run candidate: C:\Windows\Temp\chocolatey\chocoInstall\tools\chocolateyInstall\redirects\cuninst.exe.ignore
[2026-08-05 11:49:33] [INFO] Dry run candidate: C:\Windows\Temp\chocolatey\chocoInstall\tools\chocolateyInstall\redirects\cup.exe
[2026-08-05 11:49:33] [INFO] Dry run candidate: C:\Windows\Temp\chocolatey\chocoInstall\tools\chocolateyInstall\redirects\cup.exe.ignore
[2026-08-05 11:49:33] [INFO] Dry run candidate: C:\Windows\Temp\chocolatey\chocoInstall\tools\chocolateyInstall\redirects\RefreshEnv.cmd
[2026-08-05 11:49:33] [INFO] Dry run candidate: C:\Windows\Temp\chocolatey\chocoInstall\tools\chocolateyInstall\tools\7z.dll
[2026-08-05 11:49:34] [INFO] Dry run candidate: C:\Windows\Temp\chocolatey\chocoInstall\tools\chocolateyInstall\tools\7z.dll.manifest
[2026-08-05 11:49:34] [INFO] Dry run candidate: C:\Windows\Temp\chocolatey\chocoInstall\tools\chocolateyInstall\tools\7z.exe
[2026-08-05 11:49:34] [INFO] Dry run candidate: C:\Windows\Temp\chocolatey\chocoInstall\tools\chocolateyInstall\tools\7z.exe.ignore
[2026-08-05 11:49:34] [INFO] Dry run candidate: C:\Windows\Temp\chocolatey\chocoInstall\tools\chocolateyInstall\tools\7z.exe.manifest
[2026-08-05 11:49:34] [INFO] Dry run candidate: C:\Windows\Temp\chocolatey\chocoInstall\tools\chocolateyInstall\tools\7zip.license.txt
[2026-08-05 11:49:34] [INFO] Dry run candidate: C:\Windows\Temp\chocolatey\chocoInstall\tools\chocolateyInstall\tools\checksum.exe
[2026-08-05 11:49:34] [INFO] Dry run candidate: C:\Windows\Temp\chocolatey\chocoInstall\tools\chocolateyInstall\tools\checksum.exe.config
[2026-08-05 11:49:34] [INFO] Dry run candidate: C:\Windows\Temp\chocolatey\chocoInstall\tools\chocolateyInstall\tools\checksum.exe.ignore
[2026-08-05 11:49:34] [INFO] Dry run candidate: C:\Windows\Temp\chocolatey\chocoInstall\tools\chocolateyInstall\tools\checksum.license.txt
[2026-08-05 11:49:34] [INFO] Dry run candidate: C:\Windows\Temp\chocolatey\chocoInstall\tools\chocolateyInstall\tools\shimgen.exe
[2026-08-05 11:49:34] [INFO] Dry run candidate: C:\Windows\Temp\chocolatey\chocoInstall\tools\chocolateyInstall\tools\shimgen.exe.ignore
[2026-08-05 11:49:34] [INFO] Dry run candidate: C:\Windows\Temp\chocolatey\chocoInstall\tools\chocolateyInstall\tools\shimgen.license.txt
[2026-08-05 11:49:34] [INFO] Dry run candidate: C:\Windows\Temp\chocolatey\chocoInstall\_rels\.rels
[2026-08-05 11:49:34] [INFO] Dry run candidate: C:\Windows\Temp\chocolatey\vscode.install\1.131.0\install.log
[2026-08-05 11:49:34] [INFO] Dry run candidate: C:\Windows\Temp\chocolatey\vscode.install\1.131.0\VSCodeSetup-x64-1.131.0.exe
[2026-08-05 11:49:34] [INFO] Execution summary follows.
[2026-08-05 11:49:34] [INFO] Summary OperationId: 20260805-114933-502-6276
[2026-08-05 11:49:34] [INFO] Summary Mode: DryRun
[2026-08-05 11:49:34] [INFO] Summary StartedAt: 8/5/2026 11:49:33 AM
[2026-08-05 11:49:34] [INFO] Summary PathsScanned: 2
[2026-08-05 11:49:34] [INFO] Summary FilesEnumerated: 106
[2026-08-05 11:49:34] [INFO] Summary FilesEligible: 106
[2026-08-05 11:49:34] [INFO] Summary FilesMoved: 0
[2026-08-05 11:49:34] [INFO] Summary FilesSkippedLock: 2
[2026-08-05 11:49:34] [INFO] Summary FilesMissing: 0
[2026-08-05 11:49:34] [INFO] Summary Errors: 0
[2026-08-05 11:49:34] [INFO] Summary ManifestPath: 
[2026-08-05 11:49:34] [INFO] Summary CompletedAt: 8/5/2026 11:49:34 AM
[2026-08-05 11:49:34] [INFO] Summary ManifestEntries: 0
[2026-08-05 11:49:34] [INFO] Script completed.
