[2026-08-05 11:48:35] [INFO] Script started. Parameter set: Rollback
[2026-08-05 11:48:35] [INFO] Rollback requested. Using manifest: C:\Users\labuser\Documents\training\Day3\TempCleanup-Quarantine\Manifests\cleanup-manifest-20260805-114153-494-6276.json
[2026-08-05 11:48:35] [INFO] Restored file: C:\Users\labuser\Documents\training\Day3\TempCleanup-Quarantine\20260805-114153-494-6276\Users_labuser_AppData_Local_Temp\12765a45-7a85-4c03-a725-31a8d4ebe6ef.tmp -> C:\Users\labuser\AppData\Local\Temp\2\12765a45-7a85-4c03-a725-31a8d4ebe6ef.tmp
[2026-08-05 11:48:35] [INFO] Restored file: C:\Users\labuser\Documents\training\Day3\TempCleanup-Quarantine\20260805-114153-494-6276\Users_labuser_AppData_Local_Temp\7145f1b8-bcef-4634-a6bc-074e867f42e9.tmp -> C:\Users\labuser\AppData\Local\Temp\2\7145f1b8-bcef-4634-a6bc-074e867f42e9.tmp
[2026-08-05 11:48:35] [INFO] Restored file: C:\Users\labuser\Documents\training\Day3\TempCleanup-Quarantine\20260805-114153-494-6276\Users_labuser_AppData_Local_Temp\exthost-abea07.cpuprofile -> C:\Users\labuser\AppData\Local\Temp\2\exthost-abea07.cpuprofile
[2026-08-05 11:48:35] [INFO] Restored file: C:\Users\labuser\Documents\training\Day3\TempCleanup-Quarantine\20260805-114153-494-6276\Users_labuser_AppData_Local_Temp\locked.log -> C:\Users\labuser\AppData\Local\Temp\2\dwp-temp-cleanup-test\locked.log
[2026-08-05 11:48:35] [INFO] Restored file: C:\Users\labuser\Documents\training\Day3\TempCleanup-Quarantine\20260805-114153-494-6276\Users_labuser_AppData_Local_Temp\new.log -> C:\Users\labuser\AppData\Local\Temp\2\dwp-temp-cleanup-test\new.log
[2026-08-05 11:48:35] [INFO] Restored file: C:\Users\labuser\Documents\training\Day3\TempCleanup-Quarantine\20260805-114153-494-6276\Users_labuser_AppData_Local_Temp\old.log -> C:\Users\labuser\AppData\Local\Temp\2\dwp-temp-cleanup-test\old.log
[2026-08-05 11:48:35] [INFO] Restored file: C:\Users\labuser\Documents\training\Day3\TempCleanup-Quarantine\20260805-114153-494-6276\Users_labuser_AppData_Local_Temp\dicts.dat -> C:\Users\labuser\AppData\Local\Temp\2\gen_py\3.9\dicts.dat
[2026-08-05 11:48:35] [INFO] Restored file: C:\Users\labuser\Documents\training\Day3\TempCleanup-Quarantine\20260805-114153-494-6276\Users_labuser_AppData_Local_Temp\__init__.py -> C:\Users\labuser\AppData\Local\Temp\2\gen_py\3.9\__init__.py
[2026-08-05 11:48:35] [INFO] Restored file: C:\Users\labuser\Documents\training\Day3\TempCleanup-Quarantine\20260805-114153-494-6276\Users_labuser_AppData_Local_Temp\CodeSetup-stable-df53daabb18cd157bdb08c7f01c34df936cf12f4.exe -> C:\Users\labuser\AppData\Local\Temp\2\vscode-stable-system-x64\CodeSetup-stable-df53daabb18cd157bdb08c7f01c34df936cf12f4.exe
[2026-08-05 11:48:35] [INFO] Restored file: C:\Users\labuser\Documents\training\Day3\TempCleanup-Quarantine\20260805-114153-494-6276\Users_labuser_AppData_Local_Temp\update-metadata.json -> C:\Users\labuser\AppData\Local\Temp\2\vscode-stable-system-x64\update-metadata.json
[2026-08-05 11:48:35] [INFO] Restored file: C:\Users\labuser\Documents\training\Day3\TempCleanup-Quarantine\20260805-114153-494-6276\Windows_Temp\bb3a785178f443fda931098a5a9a306b.db.ses -> C:\Windows\Temp\bb3a785178f443fda931098a5a9a306b.db.ses
[2026-08-05 11:48:35] [INFO] Restored file: C:\Users\labuser\Documents\training\Day3\TempCleanup-Quarantine\20260805-114153-494-6276\Windows_Temp\MpCmdRun.log -> C:\Windows\Temp\MpCmdRun.log
[2026-08-05 11:48:35] [INFO] Restored file: C:\Users\labuser\Documents\training\Day3\TempCleanup-Quarantine\20260805-114153-494-6276\Windows_Temp\MpSigStub.log -> C:\Windows\Temp\MpSigStub.log
[2026-08-05 11:48:35] [INFO] Restored file: C:\Users\labuser\Documents\training\Day3\TempCleanup-Quarantine\20260805-114153-494-6276\Windows_Temp\silconfig.log -> C:\Windows\Temp\silconfig.log
[2026-08-05 11:48:35] [INFO] Restored file: C:\Users\labuser\Documents\training\Day3\TempCleanup-Quarantine\20260805-114153-494-6276\Windows_Temp\_env.cmd -> C:\Windows\Temp\_env.cmd
[2026-08-05 11:48:35] [INFO] Restored file: C:\Users\labuser\Documents\training\Day3\TempCleanup-Quarantine\20260805-114153-494-6276\Windows_Temp\activitywatch-v0.13.2-windows-x86_64.zip -> C:\Windows\Temp\chocolatey\activitywatch\0.13.2\activitywatch-v0.13.2-windows-x86_64.zip
[2026-08-05 11:48:35] [INFO] Restored file: C:\Users\labuser\Documents\training\Day3\TempCleanup-Quarantine\20260805-114153-494-6276\Windows_Temp\chocolatey.nuspec -> C:\Windows\Temp\chocolatey\chocoInstall\chocolatey.nuspec
[2026-08-05 11:48:35] [INFO] Restored file: C:\Users\labuser\Documents\training\Day3\TempCleanup-Quarantine\20260805-114153-494-6276\Windows_Temp\chocolatey.zip -> C:\Windows\Temp\chocolatey\chocoInstall\chocolatey.zip
[2026-08-05 11:48:35] [INFO] Restored file: C:\Users\labuser\Documents\training\Day3\TempCleanup-Quarantine\20260805-114153-494-6276\Windows_Temp\[Content_Types].xml -> C:\Windows\Temp\chocolatey\chocoInstall\[Content_Types].xml
[2026-08-05 11:48:35] [INFO] Restored file: C:\Users\labuser\Documents\training\Day3\TempCleanup-Quarantine\20260805-114153-494-6276\Windows_Temp\5ad4dc75cc79452d8e7e738cb4a3286e.psmdcp -> C:\Windows\Temp\chocolatey\chocoInstall\package\services\metadata\core-properties\5ad4dc75cc79452d8e7e738cb4a3286e.psmdcp
[2026-08-05 11:48:35] [INFO] Restored file: C:\Users\labuser\Documents\training\Day3\TempCleanup-Quarantine\20260805-114153-494-6276\Windows_Temp\chocolateyInstall.ps1 -> C:\Windows\Temp\chocolatey\chocoInstall\tools\chocolateyInstall.ps1
[2026-08-05 11:48:35] [INFO] Restored file: C:\Users\labuser\Documents\training\Day3\TempCleanup-Quarantine\20260805-114153-494-6276\Windows_Temp\chocolateysetup.psm1 -> C:\Windows\Temp\chocolatey\chocoInstall\tools\chocolateysetup.psm1
[2026-08-05 11:48:35] [INFO] Restored file: C:\Users\labuser\Documents\training\Day3\TempCleanup-Quarantine\20260805-114153-494-6276\Windows_Temp\init.ps1 -> C:\Windows\Temp\chocolatey\chocoInstall\tools\init.ps1
[2026-08-05 11:48:35] [INFO] Restored file: C:\Users\labuser\Documents\training\Day3\TempCleanup-Quarantine\20260805-114153-494-6276\Windows_Temp\VERIFICATION.txt -> C:\Windows\Temp\chocolatey\chocoInstall\tools\VERIFICATION.txt
[2026-08-05 11:48:35] [INFO] Restored file: C:\Users\labuser\Documents\training\Day3\TempCleanup-Quarantine\20260805-114153-494-6276\Windows_Temp\choco.exe -> C:\Windows\Temp\chocolatey\chocoInstall\tools\chocolateyInstall\choco.exe
[2026-08-05 11:48:35] [INFO] Restored file: C:\Users\labuser\Documents\training\Day3\TempCleanup-Quarantine\20260805-114153-494-6276\Windows_Temp\choco.exe.ignore -> C:\Windows\Temp\chocolatey\chocoInstall\tools\chocolateyInstall\choco.exe.ignore
[2026-08-05 11:48:35] [INFO] Restored file: C:\Users\labuser\Documents\training\Day3\TempCleanup-Quarantine\20260805-114153-494-6276\Windows_Temp\choco.exe.manifest -> C:\Windows\Temp\chocolatey\chocoInstall\tools\chocolateyInstall\choco.exe.manifest
[2026-08-05 11:48:35] [INFO] Restored file: C:\Users\labuser\Documents\training\Day3\TempCleanup-Quarantine\20260805-114153-494-6276\Windows_Temp\CREDITS.txt -> C:\Windows\Temp\chocolatey\chocoInstall\tools\chocolateyInstall\CREDITS.txt
[2026-08-05 11:48:36] [INFO] Restored file: C:\Users\labuser\Documents\training\Day3\TempCleanup-Quarantine\20260805-114153-494-6276\Windows_Temp\LICENSE.txt -> C:\Windows\Temp\chocolatey\chocoInstall\tools\chocolateyInstall\LICENSE.txt
[2026-08-05 11:48:36] [INFO] Restored file: C:\Users\labuser\Documents\training\Day3\TempCleanup-Quarantine\20260805-114153-494-6276\Windows_Temp\chocolateyInstaller.psm1 -> C:\Windows\Temp\chocolatey\chocoInstall\tools\chocolateyInstall\helpers\chocolateyInstaller.psm1
[2026-08-05 11:48:36] [INFO] Restored file: C:\Users\labuser\Documents\training\Day3\TempCleanup-Quarantine\20260805-114153-494-6276\Windows_Temp\chocolateyProfile.psm1 -> C:\Windows\Temp\chocolatey\chocoInstall\tools\chocolateyInstall\helpers\chocolateyProfile.psm1
[2026-08-05 11:48:36] [INFO] Restored file: C:\Users\labuser\Documents\training\Day3\TempCleanup-Quarantine\20260805-114153-494-6276\Windows_Temp\chocolateyScriptRunner.ps1 -> C:\Windows\Temp\chocolatey\chocoInstall\tools\chocolateyInstall\helpers\chocolateyScriptRunner.ps1
[2026-08-05 11:48:36] [INFO] Restored file: C:\Users\labuser\Documents\training\Day3\TempCleanup-Quarantine\20260805-114153-494-6276\Windows_Temp\ChocolateyTabExpansion.ps1 -> C:\Windows\Temp\chocolatey\chocoInstall\tools\chocolateyInstall\helpers\ChocolateyTabExpansion.ps1
[2026-08-05 11:48:36] [INFO] Restored file: C:\Users\labuser\Documents\training\Day3\TempCleanup-Quarantine\20260805-114153-494-6276\Windows_Temp\Format-FileSize.ps1 -> C:\Windows\Temp\chocolatey\chocoInstall\tools\chocolateyInstall\helpers\functions\Format-FileSize.ps1
[2026-08-05 11:48:36] [INFO] Restored file: C:\Users\labuser\Documents\training\Day3\TempCleanup-Quarantine\20260805-114153-494-6276\Windows_Temp\Get-CheckSumValid.ps1 -> C:\Windows\Temp\chocolatey\chocoInstall\tools\chocolateyInstall\helpers\functions\Get-CheckSumValid.ps1
[2026-08-05 11:48:36] [INFO] Restored file: C:\Users\labuser\Documents\training\Day3\TempCleanup-Quarantine\20260805-114153-494-6276\Windows_Temp\Get-ChocolateyPath.ps1 -> C:\Windows\Temp\chocolatey\chocoInstall\tools\chocolateyInstall\helpers\functions\Get-ChocolateyPath.ps1
[2026-08-05 11:48:36] [INFO] Restored file: C:\Users\labuser\Documents\training\Day3\TempCleanup-Quarantine\20260805-114153-494-6276\Windows_Temp\Get-ChocolateyUnzip.ps1 -> C:\Windows\Temp\chocolatey\chocoInstall\tools\chocolateyInstall\helpers\functions\Get-ChocolateyUnzip.ps1
[2026-08-05 11:48:36] [INFO] Restored file: C:\Users\labuser\Documents\training\Day3\TempCleanup-Quarantine\20260805-114153-494-6276\Windows_Temp\Get-ChocolateyWebFile.ps1 -> C:\Windows\Temp\chocolatey\chocoInstall\tools\chocolateyInstall\helpers\functions\Get-ChocolateyWebFile.ps1
[2026-08-05 11:48:36] [INFO] Restored file: C:\Users\labuser\Documents\training\Day3\TempCleanup-Quarantine\20260805-114153-494-6276\Windows_Temp\Get-EnvironmentVariable.ps1 -> C:\Windows\Temp\chocolatey\chocoInstall\tools\chocolateyInstall\helpers\functions\Get-EnvironmentVariable.ps1
[2026-08-05 11:48:36] [INFO] Restored file: C:\Users\labuser\Documents\training\Day3\TempCleanup-Quarantine\20260805-114153-494-6276\Windows_Temp\Get-EnvironmentVariableNames.ps1 -> C:\Windows\Temp\chocolatey\chocoInstall\tools\chocolateyInstall\helpers\functions\Get-EnvironmentVariableNames.ps1
[2026-08-05 11:48:36] [INFO] Restored file: C:\Users\labuser\Documents\training\Day3\TempCleanup-Quarantine\20260805-114153-494-6276\Windows_Temp\Get-FtpFile.ps1 -> C:\Windows\Temp\chocolatey\chocoInstall\tools\chocolateyInstall\helpers\functions\Get-FtpFile.ps1
[2026-08-05 11:48:36] [INFO] Restored file: C:\Users\labuser\Documents\training\Day3\TempCleanup-Quarantine\20260805-114153-494-6276\Windows_Temp\Get-OSArchitectureWidth.ps1 -> C:\Windows\Temp\chocolatey\chocoInstall\tools\chocolateyInstall\helpers\functions\Get-OSArchitectureWidth.ps1
[2026-08-05 11:48:36] [INFO] Restored file: C:\Users\labuser\Documents\training\Day3\TempCleanup-Quarantine\20260805-114153-494-6276\Windows_Temp\Get-PackageParameters.ps1 -> C:\Windows\Temp\chocolatey\chocoInstall\tools\chocolateyInstall\helpers\functions\Get-PackageParameters.ps1
[2026-08-05 11:48:36] [INFO] Restored file: C:\Users\labuser\Documents\training\Day3\TempCleanup-Quarantine\20260805-114153-494-6276\Windows_Temp\Get-ToolsLocation.ps1 -> C:\Windows\Temp\chocolatey\chocoInstall\tools\chocolateyInstall\helpers\functions\Get-ToolsLocation.ps1
[2026-08-05 11:48:36] [INFO] Restored file: C:\Users\labuser\Documents\training\Day3\TempCleanup-Quarantine\20260805-114153-494-6276\Windows_Temp\Get-UACEnabled.ps1 -> C:\Windows\Temp\chocolatey\chocoInstall\tools\chocolateyInstall\helpers\functions\Get-UACEnabled.ps1
[2026-08-05 11:48:36] [INFO] Restored file: C:\Users\labuser\Documents\training\Day3\TempCleanup-Quarantine\20260805-114153-494-6276\Windows_Temp\Get-UninstallRegistryKey.ps1 -> C:\Windows\Temp\chocolatey\chocoInstall\tools\chocolateyInstall\helpers\functions\Get-UninstallRegistryKey.ps1
[2026-08-05 11:48:36] [INFO] Restored file: C:\Users\labuser\Documents\training\Day3\TempCleanup-Quarantine\20260805-114153-494-6276\Windows_Temp\Get-VirusCheckValid.ps1 -> C:\Windows\Temp\chocolatey\chocoInstall\tools\chocolateyInstall\helpers\functions\Get-VirusCheckValid.ps1
[2026-08-05 11:48:36] [INFO] Restored file: C:\Users\labuser\Documents\training\Day3\TempCleanup-Quarantine\20260805-114153-494-6276\Windows_Temp\Get-WebFile.ps1 -> C:\Windows\Temp\chocolatey\chocoInstall\tools\chocolateyInstall\helpers\functions\Get-WebFile.ps1
[2026-08-05 11:48:36] [INFO] Restored file: C:\Users\labuser\Documents\training\Day3\TempCleanup-Quarantine\20260805-114153-494-6276\Windows_Temp\Get-WebFileName.ps1 -> C:\Windows\Temp\chocolatey\chocoInstall\tools\chocolateyInstall\helpers\functions\Get-WebFileName.ps1
[2026-08-05 11:48:36] [INFO] Restored file: C:\Users\labuser\Documents\training\Day3\TempCleanup-Quarantine\20260805-114153-494-6276\Windows_Temp\Get-WebHeaders.ps1 -> C:\Windows\Temp\chocolatey\chocoInstall\tools\chocolateyInstall\helpers\functions\Get-WebHeaders.ps1
[2026-08-05 11:48:36] [INFO] Restored file: C:\Users\labuser\Documents\training\Day3\TempCleanup-Quarantine\20260805-114153-494-6276\Windows_Temp\Install-BinFile.ps1 -> C:\Windows\Temp\chocolatey\chocoInstall\tools\chocolateyInstall\helpers\functions\Install-BinFile.ps1
[2026-08-05 11:48:36] [INFO] Restored file: C:\Users\labuser\Documents\training\Day3\TempCleanup-Quarantine\20260805-114153-494-6276\Windows_Temp\Install-ChocolateyEnvironmentVariable.ps1 -> C:\Windows\Temp\chocolatey\chocoInstall\tools\chocolateyInstall\helpers\functions\Install-ChocolateyEnvironmentVariable.ps1
[2026-08-05 11:48:36] [INFO] Restored file: C:\Users\labuser\Documents\training\Day3\TempCleanup-Quarantine\20260805-114153-494-6276\Windows_Temp\Install-ChocolateyExplorerMenuItem.ps1 -> C:\Windows\Temp\chocolatey\chocoInstall\tools\chocolateyInstall\helpers\functions\Install-ChocolateyExplorerMenuItem.ps1
[2026-08-05 11:48:36] [INFO] Restored file: C:\Users\labuser\Documents\training\Day3\TempCleanup-Quarantine\20260805-114153-494-6276\Windows_Temp\Install-ChocolateyFileAssociation.ps1 -> C:\Windows\Temp\chocolatey\chocoInstall\tools\chocolateyInstall\helpers\functions\Install-ChocolateyFileAssociation.ps1
[2026-08-05 11:48:36] [INFO] Restored file: C:\Users\labuser\Documents\training\Day3\TempCleanup-Quarantine\20260805-114153-494-6276\Windows_Temp\Install-ChocolateyInstallPackage.ps1 -> C:\Windows\Temp\chocolatey\chocoInstall\tools\chocolateyInstall\helpers\functions\Install-ChocolateyInstallPackage.ps1
[2026-08-05 11:48:36] [INFO] Restored file: C:\Users\labuser\Documents\training\Day3\TempCleanup-Quarantine\20260805-114153-494-6276\Windows_Temp\Install-ChocolateyPackage.ps1 -> C:\Windows\Temp\chocolatey\chocoInstall\tools\chocolateyInstall\helpers\functions\Install-ChocolateyPackage.ps1
[2026-08-05 11:48:36] [INFO] Restored file: C:\Users\labuser\Documents\training\Day3\TempCleanup-Quarantine\20260805-114153-494-6276\Windows_Temp\Install-ChocolateyPath.ps1 -> C:\Windows\Temp\chocolatey\chocoInstall\tools\chocolateyInstall\helpers\functions\Install-ChocolateyPath.ps1
[2026-08-05 11:48:36] [INFO] Restored file: C:\Users\labuser\Documents\training\Day3\TempCleanup-Quarantine\20260805-114153-494-6276\Windows_Temp\Install-ChocolateyPinnedTaskBarItem.ps1 -> C:\Windows\Temp\chocolatey\chocoInstall\tools\chocolateyInstall\helpers\functions\Install-ChocolateyPinnedTaskBarItem.ps1
[2026-08-05 11:48:36] [INFO] Restored file: C:\Users\labuser\Documents\training\Day3\TempCleanup-Quarantine\20260805-114153-494-6276\Windows_Temp\Install-ChocolateyPowershellCommand.ps1 -> C:\Windows\Temp\chocolatey\chocoInstall\tools\chocolateyInstall\helpers\functions\Install-ChocolateyPowershellCommand.ps1
[2026-08-05 11:48:36] [INFO] Restored file: C:\Users\labuser\Documents\training\Day3\TempCleanup-Quarantine\20260805-114153-494-6276\Windows_Temp\Install-ChocolateyShortcut.ps1 -> C:\Windows\Temp\chocolatey\chocoInstall\tools\chocolateyInstall\helpers\functions\Install-ChocolateyShortcut.ps1
[2026-08-05 11:48:36] [INFO] Restored file: C:\Users\labuser\Documents\training\Day3\TempCleanup-Quarantine\20260805-114153-494-6276\Windows_Temp\Install-ChocolateyVsixPackage.ps1 -> C:\Windows\Temp\chocolatey\chocoInstall\tools\chocolateyInstall\helpers\functions\Install-ChocolateyVsixPackage.ps1
[2026-08-05 11:48:36] [INFO] Restored file: C:\Users\labuser\Documents\training\Day3\TempCleanup-Quarantine\20260805-114153-494-6276\Windows_Temp\Install-ChocolateyZipPackage.ps1 -> C:\Windows\Temp\chocolatey\chocoInstall\tools\chocolateyInstall\helpers\functions\Install-ChocolateyZipPackage.ps1
[2026-08-05 11:48:36] [INFO] Restored file: C:\Users\labuser\Documents\training\Day3\TempCleanup-Quarantine\20260805-114153-494-6276\Windows_Temp\Install-Vsix.ps1 -> C:\Windows\Temp\chocolatey\chocoInstall\tools\chocolateyInstall\helpers\functions\Install-Vsix.ps1
[2026-08-05 11:48:36] [INFO] Restored file: C:\Users\labuser\Documents\training\Day3\TempCleanup-Quarantine\20260805-114153-494-6276\Windows_Temp\Set-EnvironmentVariable.ps1 -> C:\Windows\Temp\chocolatey\chocoInstall\tools\chocolateyInstall\helpers\functions\Set-EnvironmentVariable.ps1
[2026-08-05 11:48:36] [INFO] Restored file: C:\Users\labuser\Documents\training\Day3\TempCleanup-Quarantine\20260805-114153-494-6276\Windows_Temp\Set-PowerShellExitCode.ps1 -> C:\Windows\Temp\chocolatey\chocoInstall\tools\chocolateyInstall\helpers\functions\Set-PowerShellExitCode.ps1
[2026-08-05 11:48:36] [INFO] Restored file: C:\Users\labuser\Documents\training\Day3\TempCleanup-Quarantine\20260805-114153-494-6276\Windows_Temp\Start-ChocolateyProcessAsAdmin.ps1 -> C:\Windows\Temp\chocolatey\chocoInstall\tools\chocolateyInstall\helpers\functions\Start-ChocolateyProcessAsAdmin.ps1
[2026-08-05 11:48:36] [INFO] Restored file: C:\Users\labuser\Documents\training\Day3\TempCleanup-Quarantine\20260805-114153-494-6276\Windows_Temp\Test-ProcessAdminRights.ps1 -> C:\Windows\Temp\chocolatey\chocoInstall\tools\chocolateyInstall\helpers\functions\Test-ProcessAdminRights.ps1
[2026-08-05 11:48:36] [INFO] Restored file: C:\Users\labuser\Documents\training\Day3\TempCleanup-Quarantine\20260805-114153-494-6276\Windows_Temp\Uninstall-BinFile.ps1 -> C:\Windows\Temp\chocolatey\chocoInstall\tools\chocolateyInstall\helpers\functions\Uninstall-BinFile.ps1
[2026-08-05 11:48:36] [INFO] Restored file: C:\Users\labuser\Documents\training\Day3\TempCleanup-Quarantine\20260805-114153-494-6276\Windows_Temp\Uninstall-ChocolateyEnvironmentVariable.ps1 -> C:\Windows\Temp\chocolatey\chocoInstall\tools\chocolateyInstall\helpers\functions\Uninstall-ChocolateyEnvironmentVariable.ps1
[2026-08-05 11:48:36] [INFO] Restored file: C:\Users\labuser\Documents\training\Day3\TempCleanup-Quarantine\20260805-114153-494-6276\Windows_Temp\Uninstall-ChocolateyPackage.ps1 -> C:\Windows\Temp\chocolatey\chocoInstall\tools\chocolateyInstall\helpers\functions\Uninstall-ChocolateyPackage.ps1
[2026-08-05 11:48:36] [INFO] Restored file: C:\Users\labuser\Documents\training\Day3\TempCleanup-Quarantine\20260805-114153-494-6276\Windows_Temp\UnInstall-ChocolateyZipPackage.ps1 -> C:\Windows\Temp\chocolatey\chocoInstall\tools\chocolateyInstall\helpers\functions\UnInstall-ChocolateyZipPackage.ps1
[2026-08-05 11:48:36] [INFO] Restored file: C:\Users\labuser\Documents\training\Day3\TempCleanup-Quarantine\20260805-114153-494-6276\Windows_Temp\Update-SessionEnvironment.ps1 -> C:\Windows\Temp\chocolatey\chocoInstall\tools\chocolateyInstall\helpers\functions\Update-SessionEnvironment.ps1
[2026-08-05 11:48:36] [INFO] Restored file: C:\Users\labuser\Documents\training\Day3\TempCleanup-Quarantine\20260805-114153-494-6276\Windows_Temp\Write-FunctionCallLogMessage.ps1 -> C:\Windows\Temp\chocolatey\chocoInstall\tools\chocolateyInstall\helpers\functions\Write-FunctionCallLogMessage.ps1
[2026-08-05 11:48:36] [INFO] Restored file: C:\Users\labuser\Documents\training\Day3\TempCleanup-Quarantine\20260805-114153-494-6276\Windows_Temp\choco_1.exe -> C:\Windows\Temp\chocolatey\chocoInstall\tools\chocolateyInstall\redirects\choco.exe
[2026-08-05 11:48:36] [INFO] Restored file: C:\Users\labuser\Documents\training\Day3\TempCleanup-Quarantine\20260805-114153-494-6276\Windows_Temp\choco.exe_1.ignore -> C:\Windows\Temp\chocolatey\chocoInstall\tools\chocolateyInstall\redirects\choco.exe.ignore
[2026-08-05 11:48:36] [INFO] Restored file: C:\Users\labuser\Documents\training\Day3\TempCleanup-Quarantine\20260805-114153-494-6276\Windows_Temp\chocolatey.exe -> C:\Windows\Temp\chocolatey\chocoInstall\tools\chocolateyInstall\redirects\chocolatey.exe
[2026-08-05 11:48:36] [INFO] Restored file: C:\Users\labuser\Documents\training\Day3\TempCleanup-Quarantine\20260805-114153-494-6276\Windows_Temp\chocolatey.exe.ignore -> C:\Windows\Temp\chocolatey\chocoInstall\tools\chocolateyInstall\redirects\chocolatey.exe.ignore
[2026-08-05 11:48:36] [INFO] Restored file: C:\Users\labuser\Documents\training\Day3\TempCleanup-Quarantine\20260805-114153-494-6276\Windows_Temp\cinst.exe -> C:\Windows\Temp\chocolatey\chocoInstall\tools\chocolateyInstall\redirects\cinst.exe
[2026-08-05 11:48:36] [INFO] Restored file: C:\Users\labuser\Documents\training\Day3\TempCleanup-Quarantine\20260805-114153-494-6276\Windows_Temp\cinst.exe.ignore -> C:\Windows\Temp\chocolatey\chocoInstall\tools\chocolateyInstall\redirects\cinst.exe.ignore
[2026-08-05 11:48:36] [INFO] Restored file: C:\Users\labuser\Documents\training\Day3\TempCleanup-Quarantine\20260805-114153-494-6276\Windows_Temp\clist.exe -> C:\Windows\Temp\chocolatey\chocoInstall\tools\chocolateyInstall\redirects\clist.exe
[2026-08-05 11:48:36] [INFO] Restored file: C:\Users\labuser\Documents\training\Day3\TempCleanup-Quarantine\20260805-114153-494-6276\Windows_Temp\clist.exe.ignore -> C:\Windows\Temp\chocolatey\chocoInstall\tools\chocolateyInstall\redirects\clist.exe.ignore
[2026-08-05 11:48:36] [INFO] Restored file: C:\Users\labuser\Documents\training\Day3\TempCleanup-Quarantine\20260805-114153-494-6276\Windows_Temp\cpush.exe -> C:\Windows\Temp\chocolatey\chocoInstall\tools\chocolateyInstall\redirects\cpush.exe
[2026-08-05 11:48:36] [INFO] Restored file: C:\Users\labuser\Documents\training\Day3\TempCleanup-Quarantine\20260805-114153-494-6276\Windows_Temp\cpush.exe.ignore -> C:\Windows\Temp\chocolatey\chocoInstall\tools\chocolateyInstall\redirects\cpush.exe.ignore
[2026-08-05 11:48:36] [INFO] Restored file: C:\Users\labuser\Documents\training\Day3\TempCleanup-Quarantine\20260805-114153-494-6276\Windows_Temp\cuninst.exe -> C:\Windows\Temp\chocolatey\chocoInstall\tools\chocolateyInstall\redirects\cuninst.exe
[2026-08-05 11:48:36] [INFO] Restored file: C:\Users\labuser\Documents\training\Day3\TempCleanup-Quarantine\20260805-114153-494-6276\Windows_Temp\cuninst.exe.ignore -> C:\Windows\Temp\chocolatey\chocoInstall\tools\chocolateyInstall\redirects\cuninst.exe.ignore
[2026-08-05 11:48:36] [INFO] Restored file: C:\Users\labuser\Documents\training\Day3\TempCleanup-Quarantine\20260805-114153-494-6276\Windows_Temp\cup.exe -> C:\Windows\Temp\chocolatey\chocoInstall\tools\chocolateyInstall\redirects\cup.exe
[2026-08-05 11:48:36] [INFO] Restored file: C:\Users\labuser\Documents\training\Day3\TempCleanup-Quarantine\20260805-114153-494-6276\Windows_Temp\cup.exe.ignore -> C:\Windows\Temp\chocolatey\chocoInstall\tools\chocolateyInstall\redirects\cup.exe.ignore
[2026-08-05 11:48:36] [INFO] Restored file: C:\Users\labuser\Documents\training\Day3\TempCleanup-Quarantine\20260805-114153-494-6276\Windows_Temp\RefreshEnv.cmd -> C:\Windows\Temp\chocolatey\chocoInstall\tools\chocolateyInstall\redirects\RefreshEnv.cmd
[2026-08-05 11:48:36] [INFO] Restored file: C:\Users\labuser\Documents\training\Day3\TempCleanup-Quarantine\20260805-114153-494-6276\Windows_Temp\7z.dll -> C:\Windows\Temp\chocolatey\chocoInstall\tools\chocolateyInstall\tools\7z.dll
[2026-08-05 11:48:36] [INFO] Restored file: C:\Users\labuser\Documents\training\Day3\TempCleanup-Quarantine\20260805-114153-494-6276\Windows_Temp\7z.dll.manifest -> C:\Windows\Temp\chocolatey\chocoInstall\tools\chocolateyInstall\tools\7z.dll.manifest
[2026-08-05 11:48:36] [INFO] Restored file: C:\Users\labuser\Documents\training\Day3\TempCleanup-Quarantine\20260805-114153-494-6276\Windows_Temp\7z.exe -> C:\Windows\Temp\chocolatey\chocoInstall\tools\chocolateyInstall\tools\7z.exe
[2026-08-05 11:48:36] [INFO] Restored file: C:\Users\labuser\Documents\training\Day3\TempCleanup-Quarantine\20260805-114153-494-6276\Windows_Temp\7z.exe.ignore -> C:\Windows\Temp\chocolatey\chocoInstall\tools\chocolateyInstall\tools\7z.exe.ignore
[2026-08-05 11:48:36] [INFO] Restored file: C:\Users\labuser\Documents\training\Day3\TempCleanup-Quarantine\20260805-114153-494-6276\Windows_Temp\7z.exe.manifest -> C:\Windows\Temp\chocolatey\chocoInstall\tools\chocolateyInstall\tools\7z.exe.manifest
[2026-08-05 11:48:36] [INFO] Restored file: C:\Users\labuser\Documents\training\Day3\TempCleanup-Quarantine\20260805-114153-494-6276\Windows_Temp\7zip.license.txt -> C:\Windows\Temp\chocolatey\chocoInstall\tools\chocolateyInstall\tools\7zip.license.txt
[2026-08-05 11:48:36] [INFO] Restored file: C:\Users\labuser\Documents\training\Day3\TempCleanup-Quarantine\20260805-114153-494-6276\Windows_Temp\checksum.exe -> C:\Windows\Temp\chocolatey\chocoInstall\tools\chocolateyInstall\tools\checksum.exe
[2026-08-05 11:48:36] [INFO] Restored file: C:\Users\labuser\Documents\training\Day3\TempCleanup-Quarantine\20260805-114153-494-6276\Windows_Temp\checksum.exe.config -> C:\Windows\Temp\chocolatey\chocoInstall\tools\chocolateyInstall\tools\checksum.exe.config
[2026-08-05 11:48:36] [INFO] Restored file: C:\Users\labuser\Documents\training\Day3\TempCleanup-Quarantine\20260805-114153-494-6276\Windows_Temp\checksum.exe.ignore -> C:\Windows\Temp\chocolatey\chocoInstall\tools\chocolateyInstall\tools\checksum.exe.ignore
[2026-08-05 11:48:36] [INFO] Restored file: C:\Users\labuser\Documents\training\Day3\TempCleanup-Quarantine\20260805-114153-494-6276\Windows_Temp\checksum.license.txt -> C:\Windows\Temp\chocolatey\chocoInstall\tools\chocolateyInstall\tools\checksum.license.txt
[2026-08-05 11:48:36] [INFO] Restored file: C:\Users\labuser\Documents\training\Day3\TempCleanup-Quarantine\20260805-114153-494-6276\Windows_Temp\shimgen.exe -> C:\Windows\Temp\chocolatey\chocoInstall\tools\chocolateyInstall\tools\shimgen.exe
[2026-08-05 11:48:36] [INFO] Restored file: C:\Users\labuser\Documents\training\Day3\TempCleanup-Quarantine\20260805-114153-494-6276\Windows_Temp\shimgen.exe.ignore -> C:\Windows\Temp\chocolatey\chocoInstall\tools\chocolateyInstall\tools\shimgen.exe.ignore
[2026-08-05 11:48:36] [INFO] Restored file: C:\Users\labuser\Documents\training\Day3\TempCleanup-Quarantine\20260805-114153-494-6276\Windows_Temp\shimgen.license.txt -> C:\Windows\Temp\chocolatey\chocoInstall\tools\chocolateyInstall\tools\shimgen.license.txt
[2026-08-05 11:48:36] [INFO] Restored file: C:\Users\labuser\Documents\training\Day3\TempCleanup-Quarantine\20260805-114153-494-6276\Windows_Temp\.rels -> C:\Windows\Temp\chocolatey\chocoInstall\_rels\.rels
[2026-08-05 11:48:36] [INFO] Restored file: C:\Users\labuser\Documents\training\Day3\TempCleanup-Quarantine\20260805-114153-494-6276\Windows_Temp\install.log -> C:\Windows\Temp\chocolatey\vscode.install\1.131.0\install.log
[2026-08-05 11:48:36] [INFO] Restored file: C:\Users\labuser\Documents\training\Day3\TempCleanup-Quarantine\20260805-114153-494-6276\Windows_Temp\VSCodeSetup-x64-1.131.0.exe -> C:\Windows\Temp\chocolatey\vscode.install\1.131.0\VSCodeSetup-x64-1.131.0.exe
[2026-08-05 11:48:36] [INFO] Execution summary follows.
[2026-08-05 11:48:36] [INFO] Summary Mode: Rollback
[2026-08-05 11:48:36] [INFO] Summary ManifestPath: C:\Users\labuser\Documents\training\Day3\TempCleanup-Quarantine\Manifests\cleanup-manifest-20260805-114153-494-6276.json
[2026-08-05 11:48:36] [INFO] Summary StartedAt: 8/5/2026 11:48:35 AM
[2026-08-05 11:48:36] [INFO] Summary EntriesRead: 104
[2026-08-05 11:48:36] [INFO] Summary FilesRestored: 104
[2026-08-05 11:48:36] [INFO] Summary FilesAlreadyExist: 0
[2026-08-05 11:48:36] [INFO] Summary FilesMissing: 0
[2026-08-05 11:48:36] [INFO] Summary Errors: 0
[2026-08-05 11:48:36] [INFO] Summary CompletedAt: 8/5/2026 11:48:36 AM
[2026-08-05 11:48:36] [INFO] Script completed.
